Archive member included to satisfy reference by file (symbol)

d:/embedded_workspace/ac6/plugins/fr.ac6.mcu.externaltools.arm-none.win32_1.15.0.201708311556/tools/compiler/bin/../lib/gcc/arm-none-eabi/6.3.1/../../../../arm-none-eabi/lib/thumb/v7e-m/fpv4-sp/hard\libm.a(lib_a-wf_atan2.o)
                              Dev/LSM303DLHC.o (atan2f)
d:/embedded_workspace/ac6/plugins/fr.ac6.mcu.externaltools.arm-none.win32_1.15.0.201708311556/tools/compiler/bin/../lib/gcc/arm-none-eabi/6.3.1/../../../../arm-none-eabi/lib/thumb/v7e-m/fpv4-sp/hard\libm.a(lib_a-ef_atan2.o)
                              d:/embedded_workspace/ac6/plugins/fr.ac6.mcu.externaltools.arm-none.win32_1.15.0.201708311556/tools/compiler/bin/../lib/gcc/arm-none-eabi/6.3.1/../../../../arm-none-eabi/lib/thumb/v7e-m/fpv4-sp/hard\libm.a(lib_a-wf_atan2.o) (__ieee754_atan2f)
d:/embedded_workspace/ac6/plugins/fr.ac6.mcu.externaltools.arm-none.win32_1.15.0.201708311556/tools/compiler/bin/../lib/gcc/arm-none-eabi/6.3.1/../../../../arm-none-eabi/lib/thumb/v7e-m/fpv4-sp/hard\libm.a(lib_a-sf_atan.o)
                              d:/embedded_workspace/ac6/plugins/fr.ac6.mcu.externaltools.arm-none.win32_1.15.0.201708311556/tools/compiler/bin/../lib/gcc/arm-none-eabi/6.3.1/../../../../arm-none-eabi/lib/thumb/v7e-m/fpv4-sp/hard\libm.a(lib_a-ef_atan2.o) (atanf)
d:/embedded_workspace/ac6/plugins/fr.ac6.mcu.externaltools.arm-none.win32_1.15.0.201708311556/tools/compiler/bin/../lib/gcc/arm-none-eabi/6.3.1/../../../../arm-none-eabi/lib/thumb/v7e-m/fpv4-sp/hard\libm.a(lib_a-sf_fabs.o)
                              d:/embedded_workspace/ac6/plugins/fr.ac6.mcu.externaltools.arm-none.win32_1.15.0.201708311556/tools/compiler/bin/../lib/gcc/arm-none-eabi/6.3.1/../../../../arm-none-eabi/lib/thumb/v7e-m/fpv4-sp/hard\libm.a(lib_a-ef_atan2.o) (fabsf)
d:/embedded_workspace/ac6/plugins/fr.ac6.mcu.externaltools.arm-none.win32_1.15.0.201708311556/tools/compiler/bin/../lib/gcc/arm-none-eabi/6.3.1/thumb/v7e-m/fpv4-sp/hard\libgcc.a(_arm_addsubdf3.o)
                              Dev/LSM303DLHC.o (__aeabi_f2d)
d:/embedded_workspace/ac6/plugins/fr.ac6.mcu.externaltools.arm-none.win32_1.15.0.201708311556/tools/compiler/bin/../lib/gcc/arm-none-eabi/6.3.1/thumb/v7e-m/fpv4-sp/hard\libgcc.a(_arm_muldivdf3.o)
                              Dev/LSM303DLHC.o (__aeabi_ddiv)
d:/embedded_workspace/ac6/plugins/fr.ac6.mcu.externaltools.arm-none.win32_1.15.0.201708311556/tools/compiler/bin/../lib/gcc/arm-none-eabi/6.3.1/thumb/v7e-m/fpv4-sp/hard\libgcc.a(_arm_truncdfsf2.o)
                              Dev/LSM303DLHC.o (__aeabi_d2f)
d:/embedded_workspace/ac6/plugins/fr.ac6.mcu.externaltools.arm-none.win32_1.15.0.201708311556/tools/compiler/bin/../lib/gcc/arm-none-eabi/6.3.1/../../../../arm-none-eabi/lib/thumb/v7e-m/fpv4-sp/hard\libc_nano.a(lib_a-exit.o)
                              d:/embedded_workspace/ac6/plugins/fr.ac6.mcu.externaltools.arm-none.win32_1.15.0.201708311556/tools/compiler/bin/../lib/gcc/arm-none-eabi/6.3.1/../../../../arm-none-eabi/lib/thumb/v7e-m/fpv4-sp/hard/crt0.o (exit)
d:/embedded_workspace/ac6/plugins/fr.ac6.mcu.externaltools.arm-none.win32_1.15.0.201708311556/tools/compiler/bin/../lib/gcc/arm-none-eabi/6.3.1/../../../../arm-none-eabi/lib/thumb/v7e-m/fpv4-sp/hard\libc_nano.a(lib_a-impure.o)
                              d:/embedded_workspace/ac6/plugins/fr.ac6.mcu.externaltools.arm-none.win32_1.15.0.201708311556/tools/compiler/bin/../lib/gcc/arm-none-eabi/6.3.1/../../../../arm-none-eabi/lib/thumb/v7e-m/fpv4-sp/hard\libc_nano.a(lib_a-exit.o) (_global_impure_ptr)
d:/embedded_workspace/ac6/plugins/fr.ac6.mcu.externaltools.arm-none.win32_1.15.0.201708311556/tools/compiler/bin/../lib/gcc/arm-none-eabi/6.3.1/../../../../arm-none-eabi/lib/thumb/v7e-m/fpv4-sp/hard\libc_nano.a(lib_a-init.o)
                              d:/embedded_workspace/ac6/plugins/fr.ac6.mcu.externaltools.arm-none.win32_1.15.0.201708311556/tools/compiler/bin/../lib/gcc/arm-none-eabi/6.3.1/../../../../arm-none-eabi/lib/thumb/v7e-m/fpv4-sp/hard/crt0.o (__libc_init_array)
d:/embedded_workspace/ac6/plugins/fr.ac6.mcu.externaltools.arm-none.win32_1.15.0.201708311556/tools/compiler/bin/../lib/gcc/arm-none-eabi/6.3.1/../../../../arm-none-eabi/lib/thumb/v7e-m/fpv4-sp/hard\libc_nano.a(lib_a-memset.o)
                              d:/embedded_workspace/ac6/plugins/fr.ac6.mcu.externaltools.arm-none.win32_1.15.0.201708311556/tools/compiler/bin/../lib/gcc/arm-none-eabi/6.3.1/../../../../arm-none-eabi/lib/thumb/v7e-m/fpv4-sp/hard/crt0.o (memset)
d:/embedded_workspace/ac6/plugins/fr.ac6.mcu.externaltools.arm-none.win32_1.15.0.201708311556/tools/compiler/bin/../lib/gcc/arm-none-eabi/6.3.1/../../../../arm-none-eabi/lib/thumb/v7e-m/fpv4-sp/hard\libnosys.a(_exit.o)
                              d:/embedded_workspace/ac6/plugins/fr.ac6.mcu.externaltools.arm-none.win32_1.15.0.201708311556/tools/compiler/bin/../lib/gcc/arm-none-eabi/6.3.1/../../../../arm-none-eabi/lib/thumb/v7e-m/fpv4-sp/hard\libc_nano.a(lib_a-exit.o) (_exit)

[...]
Memory Configuration

Name             Origin             Length             Attributes
RAM              0x20000000         0x00020000         xrw
FLASH            0x08000000         0x00080000         xr
*default*        0x00000000         0xffffffff

Linker script and memory map

LOAD d:/embedded_workspace/ac6/plugins/fr.ac6.mcu.externaltools.arm-none.win32_1.15.0.201708311556/tools/compiler/bin/../lib/gcc/arm-none-eabi/6.3.1/thumb/v7e-m/fpv4-sp/hard/crti.o
LOAD d:/embedded_workspace/ac6/plugins/fr.ac6.mcu.externaltools.arm-none.win32_1.15.0.201708311556/tools/compiler/bin/../lib/gcc/arm-none-eabi/6.3.1/thumb/v7e-m/fpv4-sp/hard/crtbegin.o
LOAD d:/embedded_workspace/ac6/plugins/fr.ac6.mcu.externaltools.arm-none.win32_1.15.0.201708311556/tools/compiler/bin/../lib/gcc/arm-none-eabi/6.3.1/../../../../arm-none-eabi/lib/thumb/v7e-m/fpv4-sp/hard/crt0.o
LOAD Dev/Dev.o
LOAD Dev/LSM303DLHC.o
LOAD Drivers/STM32F4xx_HAL_Driver/Src/stm32f4xx_hal.o
LOAD Drivers/STM32F4xx_HAL_Driver/Src/stm32f4xx_hal_cortex.o
LOAD Drivers/STM32F4xx_HAL_Driver/Src/stm32f4xx_hal_dma.o
LOAD Drivers/STM32F4xx_HAL_Driver/Src/stm32f4xx_hal_dma_ex.o
LOAD Drivers/STM32F4xx_HAL_Driver/Src/stm32f4xx_hal_flash.o
LOAD Drivers/STM32F4xx_HAL_Driver/Src/stm32f4xx_hal_flash_ex.o
LOAD Drivers/STM32F4xx_HAL_Driver/Src/stm32f4xx_hal_flash_ramfunc.o
LOAD Drivers/STM32F4xx_HAL_Driver/Src/stm32f4xx_hal_gpio.o
LOAD Drivers/STM32F4xx_HAL_Driver/Src/stm32f4xx_hal_i2c.o
LOAD Drivers/STM32F4xx_HAL_Driver/Src/stm32f4xx_hal_i2c_ex.o
LOAD Drivers/STM32F4xx_HAL_Driver/Src/stm32f4xx_hal_pwr.o
LOAD Drivers/STM32F4xx_HAL_Driver/Src/stm32f4xx_hal_pwr_ex.o
LOAD Drivers/STM32F4xx_HAL_Driver/Src/stm32f4xx_hal_rcc.o
LOAD Drivers/STM32F4xx_HAL_Driver/Src/stm32f4xx_hal_rcc_ex.o
LOAD Drivers/STM32F4xx_HAL_Driver/Src/stm32f4xx_hal_tim.o
LOAD Drivers/STM32F4xx_HAL_Driver/Src/stm32f4xx_hal_tim_ex.o
LOAD Src/gpio.o
LOAD Src/i2c.o
LOAD Src/main.o
LOAD Src/stm32f4xx_hal_msp.o
LOAD Src/stm32f4xx_it.o
LOAD Src/system_stm32f4xx.o
LOAD startup/startup_stm32f411xe.o
LOAD d:/embedded_workspace/ac6/plugins/fr.ac6.mcu.externaltools.arm-none.win32_1.15.0.201708311556/tools/compiler/bin/../lib/gcc/arm-none-eabi/6.3.1/../../../../arm-none-eabi/lib/thumb/v7e-m/fpv4-sp/hard\libm.a
START GROUP
LOAD d:/embedded_workspace/ac6/plugins/fr.ac6.mcu.externaltools.arm-none.win32_1.15.0.201708311556/tools/compiler/bin/../lib/gcc/arm-none-eabi/6.3.1/thumb/v7e-m/fpv4-sp/hard\libgcc.a
LOAD d:/embedded_workspace/ac6/plugins/fr.ac6.mcu.externaltools.arm-none.win32_1.15.0.201708311556/tools/compiler/bin/../lib/gcc/arm-none-eabi/6.3.1/../../../../arm-none-eabi/lib/thumb/v7e-m/fpv4-sp/hard\libc_nano.a
END GROUP
START GROUP
LOAD d:/embedded_workspace/ac6/plugins/fr.ac6.mcu.externaltools.arm-none.win32_1.15.0.201708311556/tools/compiler/bin/../lib/gcc/arm-none-eabi/6.3.1/thumb/v7e-m/fpv4-sp/hard\libgcc.a
LOAD d:/embedded_workspace/ac6/plugins/fr.ac6.mcu.externaltools.arm-none.win32_1.15.0.201708311556/tools/compiler/bin/../lib/gcc/arm-none-eabi/6.3.1/../../../../arm-none-eabi/lib/thumb/v7e-m/fpv4-sp/hard\libc_nano.a
LOAD d:/embedded_workspace/ac6/plugins/fr.ac6.mcu.externaltools.arm-none.win32_1.15.0.201708311556/tools/compiler/bin/../lib/gcc/arm-none-eabi/6.3.1/../../../../arm-none-eabi/lib/thumb/v7e-m/fpv4-sp/hard\libnosys.a
END GROUP
START GROUP
LOAD d:/embedded_workspace/ac6/plugins/fr.ac6.mcu.externaltools.arm-none.win32_1.15.0.201708311556/tools/compiler/bin/../lib/gcc/arm-none-eabi/6.3.1/thumb/v7e-m/fpv4-sp/hard\libgcc.a
LOAD d:/embedded_workspace/ac6/plugins/fr.ac6.mcu.externaltools.arm-none.win32_1.15.0.201708311556/tools/compiler/bin/../lib/gcc/arm-none-eabi/6.3.1/../../../../arm-none-eabi/lib/thumb/v7e-m/fpv4-sp/hard\libc_nano.a
LOAD d:/embedded_workspace/ac6/plugins/fr.ac6.mcu.externaltools.arm-none.win32_1.15.0.201708311556/tools/compiler/bin/../lib/gcc/arm-none-eabi/6.3.1/../../../../arm-none-eabi/lib/thumb/v7e-m/fpv4-sp/hard\libnosys.a
END GROUP
LOAD d:/embedded_workspace/ac6/plugins/fr.ac6.mcu.externaltools.arm-none.win32_1.15.0.201708311556/tools/compiler/bin/../lib/gcc/arm-none-eabi/6.3.1/thumb/v7e-m/fpv4-sp/hard/crtend.o
LOAD d:/embedded_workspace/ac6/plugins/fr.ac6.mcu.externaltools.arm-none.win32_1.15.0.201708311556/tools/compiler/bin/../lib/gcc/arm-none-eabi/6.3.1/thumb/v7e-m/fpv4-sp/hard/crtn.o
                0x20020000                _estack = 0x20020000
                0x00000200                _Min_Heap_Size = 0x200
                0x00000400                _Min_Stack_Size = 0x400

.isr_vector     0x08000000      0x198
                0x08000000                . = ALIGN (0x4)
 *(.isr_vector)
 .isr_vector    0x08000000      0x198 startup/startup_stm32f411xe.o
                0x08000000                g_pfnVectors
                0x08000198                . = ALIGN (0x4)

.text           0x08000198     0x2b88
                0x08000198                . = ALIGN (0x4)
 *(.text)
 .text          0x08000198       0x6c d:/embedded_workspace/ac6/plugins/fr.ac6.mcu.externaltools.arm-none.win32_1.15.0.201708311556/tools/compiler/bin/../lib/gcc/arm-none-eabi/6.3.1/thumb/v7e-m/fpv4-sp/hard/crtbegin.o
 .text          0x08000204      0x370 d:/embedded_workspace/ac6/plugins/fr.ac6.mcu.externaltools.arm-none.win32_1.15.0.201708311556/tools/compiler/bin/../lib/gcc/arm-none-eabi/6.3.1/thumb/v7e-m/fpv4-sp/hard\libgcc.a(_arm_addsubdf3.o)
                0x08000204                __aeabi_drsub
                0x0800020c                __aeabi_dsub
                0x0800020c                __subdf3
                0x08000210                __aeabi_dadd
                0x08000210                __adddf3
                0x08000488                __floatunsidf
                0x08000488                __aeabi_ui2d
                0x080004a8                __floatsidf
                0x080004a8                __aeabi_i2d
                0x080004cc                __aeabi_f2d
                0x080004cc                __extendsfdf2
                0x08000508                __floatundidf
                0x08000508                __aeabi_ul2d
                0x08000518                __floatdidf
                0x08000518                __aeabi_l2d
 .text          0x08000574      0x424 d:/embedded_workspace/ac6/plugins/fr.ac6.mcu.externaltools.arm-none.win32_1.15.0.201708311556/tools/compiler/bin/../lib/gcc/arm-none-eabi/6.3.1/thumb/v7e-m/fpv4-sp/hard\libgcc.a(_arm_muldivdf3.o)
                0x08000574                __aeabi_dmul
                0x08000574                __muldf3
                0x080007c8                __divdf3
                0x080007c8                __aeabi_ddiv
 .text          0x08000998       0xa0 d:/embedded_workspace/ac6/plugins/fr.ac6.mcu.externaltools.arm-none.win32_1.15.0.201708311556/tools/compiler/bin/../lib/gcc/arm-none-eabi/6.3.1/thumb/v7e-m/fpv4-sp/hard\libgcc.a(_arm_truncdfsf2.o)
                0x08000998                __truncdfsf2
                0x08000998                __aeabi_d2f
 *(.text*)
 .text.DEV_LedInterlude2
                0x08000a38       0x80 Dev/Dev.o
                0x08000a38                DEV_LedInterlude2
 .text.DEV_LedClear
                0x08000ab8       0x3c Dev/Dev.o
                0x08000ab8                DEV_LedClear
 .text.DEV_LedModeAcc
                0x08000af4       0x68 Dev/Dev.o
                0x08000af4                DEV_LedModeAcc
 .text.DEV_LedModeMag
                0x08000b5c       0x68 Dev/Dev.o
                0x08000b5c                DEV_LedModeMag
 .text.ModeExecution
                0x08000bc4       0x60 Dev/Dev.o
                0x08000bc4                ModeExecution
 .text.ACC_Conf
                0x08000c24       0xc4 Dev/LSM303DLHC.o
                0x08000c24                ACC_Conf
 .text.MAG_Conf
                0x08000ce8       0x54 Dev/LSM303DLHC.o
                0x08000ce8                MAG_Conf
 .text.ACC_GetXYZ
                0x08000d3c       0x9c Dev/LSM303DLHC.o
                0x08000d3c                ACC_GetXYZ
 .text.ACC_LedMode
                0x08000dd8       0xe0 Dev/LSM303DLHC.o
                0x08000dd8                ACC_LedMode
 .text.MAG_GetXYZ
                0x08000eb8       0x78 Dev/LSM303DLHC.o
                0x08000eb8                MAG_GetXYZ
 .text.MAG_CompassMode
                0x08000f30      0x204 Dev/LSM303DLHC.o
                0x08000f30                MAG_CompassMode
 .text.HAL_InitTick
                0x08001134       0x2c Drivers/STM32F4xx_HAL_Driver/Src/stm32f4xx_hal.o
                0x08001134                HAL_InitTick
 .text.HAL_Init
                0x08001160       0x34 Drivers/STM32F4xx_HAL_Driver/Src/stm32f4xx_hal.o
                0x08001160                HAL_Init
 .text.HAL_IncTick
                0x08001194       0x10 Drivers/STM32F4xx_HAL_Driver/Src/stm32f4xx_hal.o
                0x08001194                HAL_IncTick
 .text.HAL_GetTick
                0x080011a4        0xc Drivers/STM32F4xx_HAL_Driver/Src/stm32f4xx_hal.o
                0x080011a4                HAL_GetTick
 .text.HAL_Delay
                0x080011b0       0x24 Drivers/STM32F4xx_HAL_Driver/Src/stm32f4xx_hal.o
                0x080011b0                HAL_Delay
 .text.HAL_NVIC_SetPriorityGrouping
                0x080011d4       0x24 Drivers/STM32F4xx_HAL_Driver/Src/stm32f4xx_hal_cortex.o
                0x080011d4                HAL_NVIC_SetPriorityGrouping
 .text.HAL_NVIC_SetPriority
                0x080011f8       0x64 Drivers/STM32F4xx_HAL_Driver/Src/stm32f4xx_hal_cortex.o
                0x080011f8                HAL_NVIC_SetPriority
 .text.HAL_NVIC_EnableIRQ
                0x0800125c       0x18 Drivers/STM32F4xx_HAL_Driver/Src/stm32f4xx_hal_cortex.o
                0x0800125c                HAL_NVIC_EnableIRQ
 .text.HAL_SYSTICK_Config
                0x08001274       0x2c Drivers/STM32F4xx_HAL_Driver/Src/stm32f4xx_hal_cortex.o
                0x08001274                HAL_SYSTICK_Config
 .text.HAL_SYSTICK_CLKSourceConfig
                0x080012a0       0x20 Drivers/STM32F4xx_HAL_Driver/Src/stm32f4xx_hal_cortex.o
                0x080012a0                HAL_SYSTICK_CLKSourceConfig
 .text.HAL_SYSTICK_Callback
                0x080012c0        0x2 Drivers/STM32F4xx_HAL_Driver/Src/stm32f4xx_hal_cortex.o
                0x080012c0                HAL_SYSTICK_Callback
 .text.HAL_SYSTICK_IRQHandler
                0x080012c2        0x8 Drivers/STM32F4xx_HAL_Driver/Src/stm32f4xx_hal_cortex.o
                0x080012c2                HAL_SYSTICK_IRQHandler
 *fill*         0x080012ca        0x2 
 .text.HAL_GPIO_Init
                0x080012cc      0x1a8 Drivers/STM32F4xx_HAL_Driver/Src/stm32f4xx_hal_gpio.o
                0x080012cc                HAL_GPIO_Init
 .text.HAL_GPIO_WritePin
                0x08001474        0xc Drivers/STM32F4xx_HAL_Driver/Src/stm32f4xx_hal_gpio.o
                0x08001474                HAL_GPIO_WritePin
 .text.HAL_GPIO_EXTI_IRQHandler
                0x08001480       0x1c Drivers/STM32F4xx_HAL_Driver/Src/stm32f4xx_hal_gpio.o
                0x08001480                HAL_GPIO_EXTI_IRQHandler
 .text.I2C_IsAcknowledgeFailed
                0x0800149c       0x2a Drivers/STM32F4xx_HAL_Driver/Src/stm32f4xx_hal_i2c.o
 .text.I2C_WaitOnFlagUntilTimeout
                0x080014c6       0x68 Drivers/STM32F4xx_HAL_Driver/Src/stm32f4xx_hal_i2c.o
 .text.I2C_WaitOnMasterAddressFlagUntilTimeout
                0x0800152e       0x90 Drivers/STM32F4xx_HAL_Driver/Src/stm32f4xx_hal_i2c.o
 .text.I2C_WaitOnTXEFlagUntilTimeout
                0x080015be       0x4e Drivers/STM32F4xx_HAL_Driver/Src/stm32f4xx_hal_i2c.o
 .text.I2C_RequestMemoryWrite
                0x0800160c       0xd4 Drivers/STM32F4xx_HAL_Driver/Src/stm32f4xx_hal_i2c.o
 .text.I2C_RequestMemoryRead
                0x080016e0      0x148 Drivers/STM32F4xx_HAL_Driver/Src/stm32f4xx_hal_i2c.o
 .text.I2C_WaitOnBTFFlagUntilTimeout
                0x08001828       0x4e Drivers/STM32F4xx_HAL_Driver/Src/stm32f4xx_hal_i2c.o
 .text.I2C_WaitOnRXNEFlagUntilTimeout
                0x08001876       0x5c Drivers/STM32F4xx_HAL_Driver/Src/stm32f4xx_hal_i2c.o
 *fill*         0x080018d2        0x2 
 .text.HAL_I2C_Init
                0x080018d4      0x11c Drivers/STM32F4xx_HAL_Driver/Src/stm32f4xx_hal_i2c.o
                0x080018d4                HAL_I2C_Init
 .text.HAL_I2C_Mem_Write
                0x080019f0      0x17c Drivers/STM32F4xx_HAL_Driver/Src/stm32f4xx_hal_i2c.o
                0x080019f0                HAL_I2C_Mem_Write
 .text.HAL_I2C_Mem_Read
                0x08001b6c      0x2f4 Drivers/STM32F4xx_HAL_Driver/Src/stm32f4xx_hal_i2c.o
                0x08001b6c                HAL_I2C_Mem_Read
 .text.HAL_I2C_GetError
                0x08001e60        0x4 Drivers/STM32F4xx_HAL_Driver/Src/stm32f4xx_hal_i2c.o
                0x08001e60                HAL_I2C_GetError
 .text.HAL_RCC_OscConfig
                0x08001e64      0x3b0 Drivers/STM32F4xx_HAL_Driver/Src/stm32f4xx_hal_rcc.o
                0x08001e64                HAL_RCC_OscConfig
 .text.HAL_RCC_GetSysClockFreq
                0x08002214       0x94 Drivers/STM32F4xx_HAL_Driver/Src/stm32f4xx_hal_rcc.o
                0x08002214                HAL_RCC_GetSysClockFreq
 .text.HAL_RCC_ClockConfig
                0x080022a8      0x19c Drivers/STM32F4xx_HAL_Driver/Src/stm32f4xx_hal_rcc.o
                0x080022a8                HAL_RCC_ClockConfig
 .text.HAL_RCC_GetHCLKFreq
                0x08002444        0xc Drivers/STM32F4xx_HAL_Driver/Src/stm32f4xx_hal_rcc.o
                0x08002444                HAL_RCC_GetHCLKFreq
 .text.HAL_RCC_GetPCLK1Freq
                0x08002450       0x2c Drivers/STM32F4xx_HAL_Driver/Src/stm32f4xx_hal_rcc.o
                0x08002450                HAL_RCC_GetPCLK1Freq
 .text.MX_GPIO_Init
                0x0800247c      0x20c Src/gpio.o
                0x0800247c                MX_GPIO_Init
 .text.MX_I2C1_Init
                0x08002688       0x44 Src/i2c.o
                0x08002688                MX_I2C1_Init
 .text.HAL_I2C_MspInit
                0x080026cc       0x54 Src/i2c.o
                0x080026cc                HAL_I2C_MspInit
 .text._Error_Handler
                0x08002720        0x2 Src/main.o
                0x08002720                _Error_Handler
 *fill*         0x08002722        0x2 
 .text.SystemClock_Config
                0x08002724       0xc4 Src/main.o
                0x08002724                SystemClock_Config
 .text.main     0x080027e8       0x4c Src/main.o
                0x080027e8                main
 .text.HAL_MspInit
                0x08002834       0x5e Src/stm32f4xx_hal_msp.o
                0x08002834                HAL_MspInit
 .text.SysTick_Handler
                0x08002892        0xc Src/stm32f4xx_it.o
                0x08002892                SysTick_Handler
 .text.EXTI0_IRQHandler
                0x0800289e        0xa Src/stm32f4xx_it.o
                0x0800289e                EXTI0_IRQHandler
 .text.EXTI4_IRQHandler
                0x080028a8        0xa Src/stm32f4xx_it.o
                0x080028a8                EXTI4_IRQHandler
 *fill*         0x080028b2        0x2 
 .text.HAL_GPIO_EXTI_Callback
                0x080028b4       0x28 Src/stm32f4xx_it.o
                0x080028b4                HAL_GPIO_EXTI_Callback
 .text.SystemInit
                0x080028dc       0x4c Src/system_stm32f4xx.o
                0x080028dc                SystemInit
 .text.Reset_Handler
                0x08002928       0x50 startup/startup_stm32f411xe.o
                0x08002928                Reset_Handler
 .text.Default_Handler
                0x08002978        0x2 startup/startup_stm32f411xe.o
                0x08002978                RTC_Alarm_IRQHandler
                0x08002978                EXTI2_IRQHandler
                0x08002978                DebugMon_Handler
                0x08002978                SPI4_IRQHandler
                0x08002978                TIM1_CC_IRQHandler
                0x08002978                DMA2_Stream5_IRQHandler
                0x08002978                HardFault_Handler
                0x08002978                DMA1_Stream5_IRQHandler
                0x08002978                PVD_IRQHandler
                0x08002978                SDIO_IRQHandler
                0x08002978                TAMP_STAMP_IRQHandler
                0x08002978                PendSV_Handler
                0x08002978                NMI_Handler
                0x08002978                EXTI3_IRQHandler
                0x08002978                TIM1_UP_TIM10_IRQHandler
                0x08002978                I2C3_ER_IRQHandler
                0x08002978                I2C2_EV_IRQHandler
                0x08002978                DMA1_Stream2_IRQHandler
                0x08002978                FPU_IRQHandler
                0x08002978                UsageFault_Handler
                0x08002978                DMA2_Stream2_IRQHandler
                0x08002978                SPI1_IRQHandler
                0x08002978                TIM1_BRK_TIM9_IRQHandler
                0x08002978                DMA2_Stream3_IRQHandler
                0x08002978                USART6_IRQHandler
                0x08002978                DMA2_Stream0_IRQHandler
                0x08002978                TIM4_IRQHandler
                0x08002978                I2C1_EV_IRQHandler
                0x08002978                DMA1_Stream6_IRQHandler
                0x08002978                DMA1_Stream1_IRQHandler
                0x08002978                TIM3_IRQHandler
                0x08002978                RCC_IRQHandler
                0x08002978                Default_Handler
                0x08002978                EXTI15_10_IRQHandler
                0x08002978                ADC_IRQHandler
                0x08002978                DMA1_Stream7_IRQHandler
                0x08002978                SPI5_IRQHandler
                0x08002978                TIM5_IRQHandler
                0x08002978                DMA2_Stream7_IRQHandler
                0x08002978                I2C3_EV_IRQHandler
                0x08002978                EXTI9_5_IRQHandler
                0x08002978                RTC_WKUP_IRQHandler
                0x08002978                SPI2_IRQHandler
                0x08002978                MemManage_Handler
                0x08002978                DMA1_Stream0_IRQHandler
                0x08002978                SVC_Handler
                0x08002978                WWDG_IRQHandler
                0x08002978                TIM2_IRQHandler
                0x08002978                OTG_FS_WKUP_IRQHandler
                0x08002978                TIM1_TRG_COM_TIM11_IRQHandler
                0x08002978                EXTI1_IRQHandler
                0x08002978                USART2_IRQHandler
                0x08002978                I2C2_ER_IRQHandler
                0x08002978                DMA2_Stream1_IRQHandler
                0x08002978                FLASH_IRQHandler
                0x08002978                DMA2_Stream4_IRQHandler
                0x08002978                BusFault_Handler
                0x08002978                USART1_IRQHandler
                0x08002978                OTG_FS_IRQHandler
                0x08002978                SPI3_IRQHandler
                0x08002978                DMA1_Stream4_IRQHandler
                0x08002978                I2C1_ER_IRQHandler
                0x08002978                DMA2_Stream6_IRQHandler
                0x08002978                DMA1_Stream3_IRQHandler
 *fill*         0x0800297a        0x2 
 .text.atan2f   0x0800297c        0x4 d:/embedded_workspace/ac6/plugins/fr.ac6.mcu.externaltools.arm-none.win32_1.15.0.201708311556/tools/compiler/bin/../lib/gcc/arm-none-eabi/6.3.1/../../../../arm-none-eabi/lib/thumb/v7e-m/fpv4-sp/hard\libm.a(lib_a-wf_atan2.o)
                0x0800297c                atan2f
 .text.__ieee754_atan2f
                0x08002980      0x180 d:/embedded_workspace/ac6/plugins/fr.ac6.mcu.externaltools.arm-none.win32_1.15.0.201708311556/tools/compiler/bin/../lib/gcc/arm-none-eabi/6.3.1/../../../../arm-none-eabi/lib/thumb/v7e-m/fpv4-sp/hard\libm.a(lib_a-ef_atan2.o)
                0x08002980                __ieee754_atan2f
 .text.atanf    0x08002b00      0x1b0 d:/embedded_workspace/ac6/plugins/fr.ac6.mcu.externaltools.arm-none.win32_1.15.0.201708311556/tools/compiler/bin/../lib/gcc/arm-none-eabi/6.3.1/../../../../arm-none-eabi/lib/thumb/v7e-m/fpv4-sp/hard\libm.a(lib_a-sf_atan.o)
                0x08002b00                atanf
 .text.fabsf    0x08002cb0       0x10 d:/embedded_workspace/ac6/plugins/fr.ac6.mcu.externaltools.arm-none.win32_1.15.0.201708311556/tools/compiler/bin/../lib/gcc/arm-none-eabi/6.3.1/../../../../arm-none-eabi/lib/thumb/v7e-m/fpv4-sp/hard\libm.a(lib_a-sf_fabs.o)
                0x08002cb0                fabsf
 .text.__libc_init_array
                0x08002cc0       0x48 d:/embedded_workspace/ac6/plugins/fr.ac6.mcu.externaltools.arm-none.win32_1.15.0.201708311556/tools/compiler/bin/../lib/gcc/arm-none-eabi/6.3.1/../../../../arm-none-eabi/lib/thumb/v7e-m/fpv4-sp/hard\libc_nano.a(lib_a-init.o)
                0x08002cc0                __libc_init_array
 *(.glue_7)
 .glue_7        0x08002d08        0x0 linker stubs
 *(.glue_7t)
 .glue_7t       0x08002d08        0x0 linker stubs
 *(.eh_frame)
 .eh_frame      0x08002d08        0x0 d:/embedded_workspace/ac6/plugins/fr.ac6.mcu.externaltools.arm-none.win32_1.15.0.201708311556/tools/compiler/bin/../lib/gcc/arm-none-eabi/6.3.1/thumb/v7e-m/fpv4-sp/hard/crtbegin.o
 *(.init)
 .init          0x08002d08        0x4 d:/embedded_workspace/ac6/plugins/fr.ac6.mcu.externaltools.arm-none.win32_1.15.0.201708311556/tools/compiler/bin/../lib/gcc/arm-none-eabi/6.3.1/thumb/v7e-m/fpv4-sp/hard/crti.o
                0x08002d08                _init
 .init          0x08002d0c        0x8 d:/embedded_workspace/ac6/plugins/fr.ac6.mcu.externaltools.arm-none.win32_1.15.0.201708311556/tools/compiler/bin/../lib/gcc/arm-none-eabi/6.3.1/thumb/v7e-m/fpv4-sp/hard/crtn.o
 *(.fini)
 .fini          0x08002d14        0x4 d:/embedded_workspace/ac6/plugins/fr.ac6.mcu.externaltools.arm-none.win32_1.15.0.201708311556/tools/compiler/bin/../lib/gcc/arm-none-eabi/6.3.1/thumb/v7e-m/fpv4-sp/hard/crti.o
                0x08002d14                _fini
 .fini          0x08002d18        0x8 d:/embedded_workspace/ac6/plugins/fr.ac6.mcu.externaltools.arm-none.win32_1.15.0.201708311556/tools/compiler/bin/../lib/gcc/arm-none-eabi/6.3.1/thumb/v7e-m/fpv4-sp/hard/crtn.o
                0x08002d20                . = ALIGN (0x4)
                0x08002d20                _etext = .

.vfp11_veneer   0x08002d20        0x0
 .vfp11_veneer  0x08002d20        0x0 linker stubs

.v4_bx          0x08002d20        0x0
 .v4_bx         0x08002d20        0x0 linker stubs

.iplt           0x08002d20        0x0
 .iplt          0x08002d20        0x0 d:/embedded_workspace/ac6/plugins/fr.ac6.mcu.externaltools.arm-none.win32_1.15.0.201708311556/tools/compiler/bin/../lib/gcc/arm-none-eabi/6.3.1/thumb/v7e-m/fpv4-sp/hard/crtbegin.o

.rodata         0x08002d20       0x7c
                0x08002d20                . = ALIGN (0x4)
 *(.rodata)
 .rodata        0x08002d20        0xf Dev/LSM303DLHC.o
 *fill*         0x08002d2f        0x1 
 .rodata        0x08002d30       0x18 Src/system_stm32f4xx.o
                0x08002d30                AHBPrescTable
                0x08002d40                APBPrescTable
 *(.rodata*)
 .rodata.str1.4
                0x08002d48       0x14 Dev/LSM303DLHC.o
 .rodata.str1.4
                0x08002d5c        0xd Src/i2c.o
 *fill*         0x08002d69        0x3 
 .rodata.str1.4
                0x08002d6c       0x10 Src/main.o
                                  0xe (size before relaxing)
 .rodata.atanhi
                0x08002d7c       0x10 d:/embedded_workspace/ac6/plugins/fr.ac6.mcu.externaltools.arm-none.win32_1.15.0.201708311556/tools/compiler/bin/../lib/gcc/arm-none-eabi/6.3.1/../../../../arm-none-eabi/lib/thumb/v7e-m/fpv4-sp/hard\libm.a(lib_a-sf_atan.o)
 .rodata.atanlo
                0x08002d8c       0x10 d:/embedded_workspace/ac6/plugins/fr.ac6.mcu.externaltools.arm-none.win32_1.15.0.201708311556/tools/compiler/bin/../lib/gcc/arm-none-eabi/6.3.1/../../../../arm-none-eabi/lib/thumb/v7e-m/fpv4-sp/hard\libm.a(lib_a-sf_atan.o)
                0x08002d9c                . = ALIGN (0x4)

.rel.dyn        0x08002d9c        0x0
 .rel.iplt      0x08002d9c        0x0 d:/embedded_workspace/ac6/plugins/fr.ac6.mcu.externaltools.arm-none.win32_1.15.0.201708311556/tools/compiler/bin/../lib/gcc/arm-none-eabi/6.3.1/thumb/v7e-m/fpv4-sp/hard/crtbegin.o

.ARM.extab
 *(.ARM.extab* .gnu.linkonce.armextab.*)

.ARM            0x08002d9c        0x0
                0x08002d9c                __exidx_start = .
 *(.ARM.exidx*)
                0x08002d9c                __exidx_end = .

.preinit_array  0x08002d9c        0x0
                0x08002d9c                PROVIDE (__preinit_array_start, .)
 *(.preinit_array*)
                0x08002d9c                PROVIDE (__preinit_array_end, .)

.init_array     0x08002d9c        0x4
                0x08002d9c                PROVIDE (__init_array_start, .)
 *(SORT(.init_array.*))
 *(.init_array*)
 .init_array    0x08002d9c        0x4 d:/embedded_workspace/ac6/plugins/fr.ac6.mcu.externaltools.arm-none.win32_1.15.0.201708311556/tools/compiler/bin/../lib/gcc/arm-none-eabi/6.3.1/thumb/v7e-m/fpv4-sp/hard/crtbegin.o
                0x08002da0                PROVIDE (__init_array_end, .)

.fini_array     0x08002da0        0x4
                [!provide]                PROVIDE (__fini_array_start, .)
 *(SORT(.fini_array.*))
 *(.fini_array*)
 .fini_array    0x08002da0        0x4 d:/embedded_workspace/ac6/plugins/fr.ac6.mcu.externaltools.arm-none.win32_1.15.0.201708311556/tools/compiler/bin/../lib/gcc/arm-none-eabi/6.3.1/thumb/v7e-m/fpv4-sp/hard/crtbegin.o
                [!provide]                PROVIDE (__fini_array_end, .)
                0x08002da4                _sidata = LOADADDR (.data)

.data           0x20000000        0x4 load address 0x08002da4
                0x20000000                . = ALIGN (0x4)
                0x20000000                _sdata = .
 *(.data)
 .data          0x20000000        0x4 Src/system_stm32f4xx.o
                0x20000000                SystemCoreClock
 *(.data*)
                0x20000004                . = ALIGN (0x4)
                0x20000004                _edata = .

.jcr            0x20000004        0x0 load address 0x08002da8
 .jcr           0x20000004        0x0 d:/embedded_workspace/ac6/plugins/fr.ac6.mcu.externaltools.arm-none.win32_1.15.0.201708311556/tools/compiler/bin/../lib/gcc/arm-none-eabi/6.3.1/thumb/v7e-m/fpv4-sp/hard/crtbegin.o

.igot.plt       0x20000004        0x0 load address 0x08002da8
 .igot.plt      0x20000004        0x0 d:/embedded_workspace/ac6/plugins/fr.ac6.mcu.externaltools.arm-none.win32_1.15.0.201708311556/tools/compiler/bin/../lib/gcc/arm-none-eabi/6.3.1/thumb/v7e-m/fpv4-sp/hard/crtbegin.o
                0x20000004                . = ALIGN (0x4)

.bss            0x20000004       0x78 load address 0x08002da8
                0x20000004                _sbss = .
                0x20000004                __bss_start__ = _sbss
 *(.bss)
 .bss           0x20000004       0x1c d:/embedded_workspace/ac6/plugins/fr.ac6.mcu.externaltools.arm-none.win32_1.15.0.201708311556/tools/compiler/bin/../lib/gcc/arm-none-eabi/6.3.1/thumb/v7e-m/fpv4-sp/hard/crtbegin.o
 .bss           0x20000020        0x3 Dev/Dev.o
                0x20000020                ITdet
                0x20000021                CurrentMode
                0x20000022                ITpb
 *(.bss*)
 *(COMMON)
 *fill*         0x20000023        0x1 
 COMMON         0x20000024        0x4 Drivers/STM32F4xx_HAL_Driver/Src/stm32f4xx_hal.o
                0x20000024                uwTick
 COMMON         0x20000028       0x54 Src/i2c.o
                0x20000028                hi2c1
                0x2000007c                . = ALIGN (0x4)
                0x2000007c                _ebss = .
                0x2000007c                __bss_end__ = _ebss

._user_heap_stack
                0x2000007c      0x604 load address 0x08002da8
                0x20000080                . = ALIGN (0x8)
 *fill*         0x2000007c        0x4 
                [!provide]                PROVIDE (end, .)
                [!provide]                PROVIDE (_end, .)
                0x20000280                . = (. + _Min_Heap_Size)
 *fill*         0x20000080      0x200 
                0x20000680                . = (. + _Min_Stack_Size)
 *fill*         0x20000280      0x400 
                0x20000680                . = ALIGN (0x8)

/DISCARD/
 libc.a(*)
 libm.a(*)
 libgcc.a(*)

.ARM.attributes
                0x00000000       0x30
 *(.ARM.attributes)
 .ARM.attributes
                0x00000000       0x22 d:/embedded_workspace/ac6/plugins/fr.ac6.mcu.externaltools.arm-none.win32_1.15.0.201708311556/tools/compiler/bin/../lib/gcc/arm-none-eabi/6.3.1/thumb/v7e-m/fpv4-sp/hard/crti.o
 .ARM.attributes
                0x00000022       0x34 d:/embedded_workspace/ac6/plugins/fr.ac6.mcu.externaltools.arm-none.win32_1.15.0.201708311556/tools/compiler/bin/../lib/gcc/arm-none-eabi/6.3.1/thumb/v7e-m/fpv4-sp/hard/crtbegin.o
 .ARM.attributes
                0x00000056       0x39 Dev/Dev.o
 .ARM.attributes
                0x0000008f       0x39 Dev/LSM303DLHC.o
 .ARM.attributes
                0x000000c8       0x39 Drivers/STM32F4xx_HAL_Driver/Src/stm32f4xx_hal.o
 .ARM.attributes
                0x00000101       0x39 Drivers/STM32F4xx_HAL_Driver/Src/stm32f4xx_hal_cortex.o
 .ARM.attributes
                0x0000013a       0x39 Drivers/STM32F4xx_HAL_Driver/Src/stm32f4xx_hal_gpio.o
 .ARM.attributes
                0x00000173       0x39 Drivers/STM32F4xx_HAL_Driver/Src/stm32f4xx_hal_i2c.o
 .ARM.attributes
                0x000001ac       0x39 Drivers/STM32F4xx_HAL_Driver/Src/stm32f4xx_hal_rcc.o
 .ARM.attributes
                0x000001e5       0x39 Src/gpio.o
 .ARM.attributes
                0x0000021e       0x39 Src/i2c.o
 .ARM.attributes
                0x00000257       0x39 Src/main.o
 .ARM.attributes
                0x00000290       0x39 Src/stm32f4xx_hal_msp.o
 .ARM.attributes
                0x000002c9       0x39 Src/stm32f4xx_it.o
 .ARM.attributes
                0x00000302       0x39 Src/system_stm32f4xx.o
 .ARM.attributes
                0x0000033b       0x21 startup/startup_stm32f411xe.o
 .ARM.attributes
                0x0000035c       0x34 d:/embedded_workspace/ac6/plugins/fr.ac6.mcu.externaltools.arm-none.win32_1.15.0.201708311556/tools/compiler/bin/../lib/gcc/arm-none-eabi/6.3.1/../../../../arm-none-eabi/lib/thumb/v7e-m/fpv4-sp/hard\libm.a(lib_a-wf_atan2.o)
 .ARM.attributes
                0x00000390       0x34 d:/embedded_workspace/ac6/plugins/fr.ac6.mcu.externaltools.arm-none.win32_1.15.0.201708311556/tools/compiler/bin/../lib/gcc/arm-none-eabi/6.3.1/../../../../arm-none-eabi/lib/thumb/v7e-m/fpv4-sp/hard\libm.a(lib_a-ef_atan2.o)
 .ARM.attributes
                0x000003c4       0x34 d:/embedded_workspace/ac6/plugins/fr.ac6.mcu.externaltools.arm-none.win32_1.15.0.201708311556/tools/compiler/bin/../lib/gcc/arm-none-eabi/6.3.1/../../../../arm-none-eabi/lib/thumb/v7e-m/fpv4-sp/hard\libm.a(lib_a-sf_atan.o)
 .ARM.attributes
                0x000003f8       0x34 d:/embedded_workspace/ac6/plugins/fr.ac6.mcu.externaltools.arm-none.win32_1.15.0.201708311556/tools/compiler/bin/../lib/gcc/arm-none-eabi/6.3.1/../../../../arm-none-eabi/lib/thumb/v7e-m/fpv4-sp/hard\libm.a(lib_a-sf_fabs.o)
 .ARM.attributes
                0x0000042c       0x22 d:/embedded_workspace/ac6/plugins/fr.ac6.mcu.externaltools.arm-none.win32_1.15.0.201708311556/tools/compiler/bin/../lib/gcc/arm-none-eabi/6.3.1/thumb/v7e-m/fpv4-sp/hard\libgcc.a(_arm_addsubdf3.o)
 .ARM.attributes
                0x0000044e       0x22 d:/embedded_workspace/ac6/plugins/fr.ac6.mcu.externaltools.arm-none.win32_1.15.0.201708311556/tools/compiler/bin/../lib/gcc/arm-none-eabi/6.3.1/thumb/v7e-m/fpv4-sp/hard\libgcc.a(_arm_muldivdf3.o)
 .ARM.attributes
                0x00000470       0x22 d:/embedded_workspace/ac6/plugins/fr.ac6.mcu.externaltools.arm-none.win32_1.15.0.201708311556/tools/compiler/bin/../lib/gcc/arm-none-eabi/6.3.1/thumb/v7e-m/fpv4-sp/hard\libgcc.a(_arm_truncdfsf2.o)
 .ARM.attributes
                0x00000492       0x34 d:/embedded_workspace/ac6/plugins/fr.ac6.mcu.externaltools.arm-none.win32_1.15.0.201708311556/tools/compiler/bin/../lib/gcc/arm-none-eabi/6.3.1/../../../../arm-none-eabi/lib/thumb/v7e-m/fpv4-sp/hard\libc_nano.a(lib_a-init.o)
 .ARM.attributes
                0x000004c6       0x22 d:/embedded_workspace/ac6/plugins/fr.ac6.mcu.externaltools.arm-none.win32_1.15.0.201708311556/tools/compiler/bin/../lib/gcc/arm-none-eabi/6.3.1/thumb/v7e-m/fpv4-sp/hard/crtn.o
OUTPUT(F411_pr2.elf elf32-littlearm)

.debug_info     0x00000000    0x1137a
 .debug_info    0x00000000     0x16fa Dev/Dev.o
 .debug_info    0x000016fa     0x1837 Dev/LSM303DLHC.o
 .debug_info    0x00002f31     0x1132 Drivers/STM32F4xx_HAL_Driver/Src/stm32f4xx_hal.o
 .debug_info    0x00004063     0x16ca Drivers/STM32F4xx_HAL_Driver/Src/stm32f4xx_hal_cortex.o
 .debug_info    0x0000572d      0xfc0 Drivers/STM32F4xx_HAL_Driver/Src/stm32f4xx_hal_gpio.o
 .debug_info    0x000066ed     0x36e7 Drivers/STM32F4xx_HAL_Driver/Src/stm32f4xx_hal_i2c.o
 .debug_info    0x00009dd4     0x152a Drivers/STM32F4xx_HAL_Driver/Src/stm32f4xx_hal_rcc.o
 .debug_info    0x0000b2fe      0xf1b Src/gpio.o
 .debug_info    0x0000c219     0x1257 Src/i2c.o
 .debug_info    0x0000d470     0x160d Src/main.o
 .debug_info    0x0000ea7d      0xbe5 Src/stm32f4xx_hal_msp.o
 .debug_info    0x0000f662      0xf41 Src/stm32f4xx_it.o
 .debug_info    0x000105a3      0xd5a Src/system_stm32f4xx.o
 .debug_info    0x000112fd       0x7d startup/startup_stm32f411xe.o

.debug_abbrev   0x00000000     0x2331
 .debug_abbrev  0x00000000      0x2cb Dev/Dev.o
 .debug_abbrev  0x000002cb      0x2b5 Dev/LSM303DLHC.o
 .debug_abbrev  0x00000580      0x347 Drivers/STM32F4xx_HAL_Driver/Src/stm32f4xx_hal.o
 .debug_abbrev  0x000008c7      0x3d4 Drivers/STM32F4xx_HAL_Driver/Src/stm32f4xx_hal_cortex.o
 .debug_abbrev  0x00000c9b      0x2a5 Drivers/STM32F4xx_HAL_Driver/Src/stm32f4xx_hal_gpio.o
 .debug_abbrev  0x00000f40      0x2f9 Drivers/STM32F4xx_HAL_Driver/Src/stm32f4xx_hal_i2c.o
 .debug_abbrev  0x00001239      0x370 Drivers/STM32F4xx_HAL_Driver/Src/stm32f4xx_hal_rcc.o
 .debug_abbrev  0x000015a9      0x229 Src/gpio.o
 .debug_abbrev  0x000017d2      0x256 Src/i2c.o
 .debug_abbrev  0x00001a28      0x2a2 Src/main.o
 .debug_abbrev  0x00001cca      0x209 Src/stm32f4xx_hal_msp.o
 .debug_abbrev  0x00001ed3      0x247 Src/stm32f4xx_it.o
 .debug_abbrev  0x0000211a      0x205 Src/system_stm32f4xx.o
 .debug_abbrev  0x0000231f       0x12 startup/startup_stm32f411xe.o

.debug_loc      0x00000000     0x45e2
 .debug_loc     0x00000000      0x1b9 Dev/Dev.o
 .debug_loc     0x000001b9      0x121 Dev/LSM303DLHC.o
 .debug_loc     0x000002da       0x91 Drivers/STM32F4xx_HAL_Driver/Src/stm32f4xx_hal.o
 .debug_loc     0x0000036b      0x5ce Drivers/STM32F4xx_HAL_Driver/Src/stm32f4xx_hal_cortex.o
 .debug_loc     0x00000939      0x430 Drivers/STM32F4xx_HAL_Driver/Src/stm32f4xx_hal_gpio.o
 .debug_loc     0x00000d69     0x31a5 Drivers/STM32F4xx_HAL_Driver/Src/stm32f4xx_hal_i2c.o
 .debug_loc     0x00003f0e      0x53b Drivers/STM32F4xx_HAL_Driver/Src/stm32f4xx_hal_rcc.o
 .debug_loc     0x00004449       0x5b Src/i2c.o
 .debug_loc     0x000044a4      0x13e Src/system_stm32f4xx.o

.debug_aranges  0x00000000      0x690
 .debug_aranges
                0x00000000       0x60 Dev/Dev.o
 .debug_aranges
                0x00000060       0x50 Dev/LSM303DLHC.o
 .debug_aranges
                0x000000b0       0xc8 Drivers/STM32F4xx_HAL_Driver/Src/stm32f4xx_hal.o
 .debug_aranges
                0x00000178       0xa8 Drivers/STM32F4xx_HAL_Driver/Src/stm32f4xx_hal_cortex.o
 .debug_aranges
                0x00000220       0x58 Drivers/STM32F4xx_HAL_Driver/Src/stm32f4xx_hal_gpio.o
 .debug_aranges
                0x00000278      0x268 Drivers/STM32F4xx_HAL_Driver/Src/stm32f4xx_hal_i2c.o
 .debug_aranges
                0x000004e0       0x88 Drivers/STM32F4xx_HAL_Driver/Src/stm32f4xx_hal_rcc.o
 .debug_aranges
                0x00000568       0x20 Src/gpio.o
 .debug_aranges
                0x00000588       0x30 Src/i2c.o
 .debug_aranges
                0x000005b8       0x30 Src/main.o
 .debug_aranges
                0x000005e8       0x20 Src/stm32f4xx_hal_msp.o
 .debug_aranges
                0x00000608       0x38 Src/stm32f4xx_it.o
 .debug_aranges
                0x00000640       0x28 Src/system_stm32f4xx.o
 .debug_aranges
                0x00000668       0x28 startup/startup_stm32f411xe.o

.debug_ranges   0x00000000      0x618
 .debug_ranges  0x00000000       0x50 Dev/Dev.o
 .debug_ranges  0x00000050       0x40 Dev/LSM303DLHC.o
 .debug_ranges  0x00000090       0xb8 Drivers/STM32F4xx_HAL_Driver/Src/stm32f4xx_hal.o
 .debug_ranges  0x00000148       0xf8 Drivers/STM32F4xx_HAL_Driver/Src/stm32f4xx_hal_cortex.o
 .debug_ranges  0x00000240       0x48 Drivers/STM32F4xx_HAL_Driver/Src/stm32f4xx_hal_gpio.o
 .debug_ranges  0x00000288      0x258 Drivers/STM32F4xx_HAL_Driver/Src/stm32f4xx_hal_i2c.o
 .debug_ranges  0x000004e0       0x78 Drivers/STM32F4xx_HAL_Driver/Src/stm32f4xx_hal_rcc.o
 .debug_ranges  0x00000558       0x10 Src/gpio.o
 .debug_ranges  0x00000568       0x20 Src/i2c.o
 .debug_ranges  0x00000588       0x20 Src/main.o
 .debug_ranges  0x000005a8       0x10 Src/stm32f4xx_hal_msp.o
 .debug_ranges  0x000005b8       0x28 Src/stm32f4xx_it.o
 .debug_ranges  0x000005e0       0x18 Src/system_stm32f4xx.o
 .debug_ranges  0x000005f8       0x20 startup/startup_stm32f411xe.o

.debug_macro    0x00000000    0x16400
 .debug_macro   0x00000000      0x331 Dev/Dev.o
 .debug_macro   0x00000331      0x8bc Dev/Dev.o
 .debug_macro   0x00000bed      0x196 Dev/Dev.o
 .debug_macro   0x00000d83      0x17a Dev/Dev.o
 .debug_macro   0x00000efd       0x33 Dev/Dev.o
 .debug_macro   0x00000f30       0x28 Dev/Dev.o
 .debug_macro   0x00000f58       0x22 Dev/Dev.o
 .debug_macro   0x00000f7a       0x87 Dev/Dev.o
 .debug_macro   0x00001001       0x51 Dev/Dev.o
 .debug_macro   0x00001052       0xef Dev/Dev.o
 .debug_macro   0x00001141       0x6a Dev/Dev.o
 .debug_macro   0x000011ab      0x1df Dev/Dev.o
 .debug_macro   0x0000138a       0x35 Dev/Dev.o
 .debug_macro   0x000013bf       0x50 Dev/Dev.o
 .debug_macro   0x0000140f      0xe66 Dev/Dev.o
 .debug_macro   0x00002275     0xb906 Dev/Dev.o
 .debug_macro   0x0000db7b       0x43 Dev/Dev.o
 .debug_macro   0x0000dbbe     0x3574 Dev/Dev.o
 .debug_macro   0x00011132       0x58 Dev/Dev.o
 .debug_macro   0x0001118a       0x35 Dev/Dev.o
 .debug_macro   0x000111bf       0x9c Dev/Dev.o
 .debug_macro   0x0001125b       0x16 Dev/Dev.o
 .debug_macro   0x00011271       0x97 Dev/Dev.o
 .debug_macro   0x00011308      0x330 Dev/Dev.o
 .debug_macro   0x00011638       0xfd Dev/Dev.o
 .debug_macro   0x00011735       0x10 Dev/Dev.o
 .debug_macro   0x00011745       0x58 Dev/Dev.o
 .debug_macro   0x0001179d       0x1f Dev/Dev.o
 .debug_macro   0x000117bc       0x43 Dev/Dev.o
 .debug_macro   0x000117ff       0x20 Dev/Dev.o
 .debug_macro   0x0001181f      0x187 Dev/Dev.o
 .debug_macro   0x000119a6       0x10 Dev/Dev.o
 .debug_macro   0x000119b6       0x1c Dev/Dev.o
 .debug_macro   0x000119d2       0x52 Dev/Dev.o
 .debug_macro   0x00011a24       0x40 Dev/Dev.o
 .debug_macro   0x00011a64       0x10 Dev/Dev.o
 .debug_macro   0x00011a74       0x40 Dev/Dev.o
 .debug_macro   0x00011ab4       0xd7 Dev/Dev.o
 .debug_macro   0x00011b8b       0x16 Dev/Dev.o
 .debug_macro   0x00011ba1      0x18b Dev/Dev.o
 .debug_macro   0x00011d2c       0x50 Dev/Dev.o
 .debug_macro   0x00011d7c      0x447 Dev/Dev.o
 .debug_macro   0x000121c3      0x9e1 Dev/Dev.o
 .debug_macro   0x00012ba4      0x11e Dev/Dev.o
 .debug_macro   0x00012cc2      0x11b Dev/Dev.o
 .debug_macro   0x00012ddd       0x27 Dev/Dev.o
 .debug_macro   0x00012e04      0x287 Dev/Dev.o
 .debug_macro   0x0001308b       0x5f Dev/Dev.o
 .debug_macro   0x000130ea      0x23a Dev/Dev.o
 .debug_macro   0x00013324      0x13a Dev/Dev.o
 .debug_macro   0x0001345e      0x264 Dev/Dev.o
 .debug_macro   0x000136c2       0x2e Dev/Dev.o
 .debug_macro   0x000136f0      0x1a7 Dev/Dev.o
 .debug_macro   0x00013897       0x22 Dev/Dev.o
 .debug_macro   0x000138b9       0xa5 Dev/Dev.o
 .debug_macro   0x0001395e      0x11e Dev/Dev.o
 .debug_macro   0x00013a7c       0x85 Dev/Dev.o
 .debug_macro   0x00013b01       0x89 Dev/Dev.o
 .debug_macro   0x00013b8a      0x11e Dev/Dev.o
 .debug_macro   0x00013ca8       0x70 Dev/Dev.o
 .debug_macro   0x00013d18      0x32d Dev/LSM303DLHC.o
 .debug_macro   0x00014045       0x6a Dev/LSM303DLHC.o
 .debug_macro   0x000140af      0x374 Drivers/STM32F4xx_HAL_Driver/Src/stm32f4xx_hal.o
 .debug_macro   0x00014423      0x314 Drivers/STM32F4xx_HAL_Driver/Src/stm32f4xx_hal_cortex.o
 .debug_macro   0x00014737      0x34c Drivers/STM32F4xx_HAL_Driver/Src/stm32f4xx_hal_gpio.o
 .debug_macro   0x00014a83      0x354 Drivers/STM32F4xx_HAL_Driver/Src/stm32f4xx_hal_i2c.o
 .debug_macro   0x00014dd7      0x33e Drivers/STM32F4xx_HAL_Driver/Src/stm32f4xx_hal_rcc.o
 .debug_macro   0x00015115      0x31e Src/gpio.o
 .debug_macro   0x00015433      0x328 Src/i2c.o
 .debug_macro   0x0001575b      0x340 Src/main.o
 .debug_macro   0x00015a9b      0x314 Src/stm32f4xx_hal_msp.o
 .debug_macro   0x00015daf      0x332 Src/stm32f4xx_it.o
 .debug_macro   0x000160e1      0x31f Src/system_stm32f4xx.o

.debug_line     0x00000000     0x84cf
 .debug_line    0x00000000      0x98d Dev/Dev.o
 .debug_line    0x0000098d      0x8d1 Dev/LSM303DLHC.o
 .debug_line    0x0000125e      0x97d Drivers/STM32F4xx_HAL_Driver/Src/stm32f4xx_hal.o
 .debug_line    0x00001bdb      0x9ea Drivers/STM32F4xx_HAL_Driver/Src/stm32f4xx_hal_cortex.o
 .debug_line    0x000025c5      0x940 Drivers/STM32F4xx_HAL_Driver/Src/stm32f4xx_hal_gpio.o
 .debug_line    0x00002f05     0x19a2 Drivers/STM32F4xx_HAL_Driver/Src/stm32f4xx_hal_i2c.o
 .debug_line    0x000048a7      0xae3 Drivers/STM32F4xx_HAL_Driver/Src/stm32f4xx_hal_rcc.o
 .debug_line    0x0000538a      0x81e Src/gpio.o
 .debug_line    0x00005ba8      0x80c Src/i2c.o
 .debug_line    0x000063b4      0x872 Src/main.o
 .debug_line    0x00006c26      0x7d3 Src/stm32f4xx_hal_msp.o
 .debug_line    0x000073f9      0x859 Src/stm32f4xx_it.o
 .debug_line    0x00007c52      0x7fe Src/system_stm32f4xx.o
 .debug_line    0x00008450       0x7f startup/startup_stm32f411xe.o

.debug_str      0x00000000    0x802df
 .debug_str     0x00000000    0x7e2eb Dev/Dev.o
                              0x7e610 (size before relaxing)
 .debug_str     0x0007e2eb       0xd4 Dev/LSM303DLHC.o
                              0x7e5d2 (size before relaxing)
 .debug_str     0x0007e3bf      0xa30 Drivers/STM32F4xx_HAL_Driver/Src/stm32f4xx_hal.o
                              0x7e946 (size before relaxing)
 .debug_str     0x0007edef      0x3ae Drivers/STM32F4xx_HAL_Driver/Src/stm32f4xx_hal_cortex.o
                              0x7e6fa (size before relaxing)
 .debug_str     0x0007f19d      0x221 Drivers/STM32F4xx_HAL_Driver/Src/stm32f4xx_hal_gpio.o
                              0x7e1f7 (size before relaxing)
 .debug_str     0x0007f3be      0xa6a Drivers/STM32F4xx_HAL_Driver/Src/stm32f4xx_hal_i2c.o
                              0x7edf0 (size before relaxing)
 .debug_str     0x0007fe28      0x36b Drivers/STM32F4xx_HAL_Driver/Src/stm32f4xx_hal_rcc.o
                              0x7e3c8 (size before relaxing)
 .debug_str     0x00080193       0x25 Src/gpio.o
                              0x7dfdd (size before relaxing)
 .debug_str     0x000801b8       0x24 Src/i2c.o
                              0x7e506 (size before relaxing)
 .debug_str     0x000801dc       0x34 Src/main.o
                              0x7eb6f (size before relaxing)
 .debug_str     0x00080210       0x1b Src/stm32f4xx_hal_msp.o
                              0x7e1d5 (size before relaxing)
 .debug_str     0x0008022b       0x5a Src/stm32f4xx_it.o
                              0x7e3bf (size before relaxing)
 .debug_str     0x00080285       0x5a Src/system_stm32f4xx.o
                              0x7dfb3 (size before relaxing)

.comment        0x00000000       0x7f
 .comment       0x00000000       0x7f Dev/Dev.o
                                 0x80 (size before relaxing)
 .comment       0x0000007f       0x80 Dev/LSM303DLHC.o
 .comment       0x0000007f       0x80 Drivers/STM32F4xx_HAL_Driver/Src/stm32f4xx_hal.o
 .comment       0x0000007f       0x80 Drivers/STM32F4xx_HAL_Driver/Src/stm32f4xx_hal_cortex.o
 .comment       0x0000007f       0x80 Drivers/STM32F4xx_HAL_Driver/Src/stm32f4xx_hal_gpio.o
 .comment       0x0000007f       0x80 Drivers/STM32F4xx_HAL_Driver/Src/stm32f4xx_hal_i2c.o
 .comment       0x0000007f       0x80 Drivers/STM32F4xx_HAL_Driver/Src/stm32f4xx_hal_rcc.o
 .comment       0x0000007f       0x80 Src/gpio.o
 .comment       0x0000007f       0x80 Src/i2c.o
 .comment       0x0000007f       0x80 Src/main.o
 .comment       0x0000007f       0x80 Src/stm32f4xx_hal_msp.o
 .comment       0x0000007f       0x80 Src/stm32f4xx_it.o
 .comment       0x0000007f       0x80 Src/system_stm32f4xx.o

.debug_frame    0x00000000     0x12e8
 .debug_frame   0x00000000       0xf0 Dev/Dev.o
 .debug_frame   0x000000f0       0xfc Dev/LSM303DLHC.o
 .debug_frame   0x000001ec      0x198 Drivers/STM32F4xx_HAL_Driver/Src/stm32f4xx_hal.o
 .debug_frame   0x00000384      0x15c Drivers/STM32F4xx_HAL_Driver/Src/stm32f4xx_hal_cortex.o
 .debug_frame   0x000004e0       0xd0 Drivers/STM32F4xx_HAL_Driver/Src/stm32f4xx_hal_gpio.o
 .debug_frame   0x000005b0      0x848 Drivers/STM32F4xx_HAL_Driver/Src/stm32f4xx_hal_i2c.o
 .debug_frame   0x00000df8      0x13c Drivers/STM32F4xx_HAL_Driver/Src/stm32f4xx_hal_rcc.o
 .debug_frame   0x00000f34       0x3c Src/gpio.o
 .debug_frame   0x00000f70       0x60 Src/i2c.o
 .debug_frame   0x00000fd0       0x58 Src/main.o
 .debug_frame   0x00001028       0x28 Src/stm32f4xx_hal_msp.o
 .debug_frame   0x00001050       0x68 Src/stm32f4xx_it.o
 .debug_frame   0x000010b8       0x30 Src/system_stm32f4xx.o
 .debug_frame   0x000010e8       0x20 d:/embedded_workspace/ac6/plugins/fr.ac6.mcu.externaltools.arm-none.win32_1.15.0.201708311556/tools/compiler/bin/../lib/gcc/arm-none-eabi/6.3.1/../../../../arm-none-eabi/lib/thumb/v7e-m/fpv4-sp/hard\libm.a(lib_a-wf_atan2.o)
 .debug_frame   0x00001108       0x48 d:/embedded_workspace/ac6/plugins/fr.ac6.mcu.externaltools.arm-none.win32_1.15.0.201708311556/tools/compiler/bin/../lib/gcc/arm-none-eabi/6.3.1/../../../../arm-none-eabi/lib/thumb/v7e-m/fpv4-sp/hard\libm.a(lib_a-ef_atan2.o)
 .debug_frame   0x00001150       0x2c d:/embedded_workspace/ac6/plugins/fr.ac6.mcu.externaltools.arm-none.win32_1.15.0.201708311556/tools/compiler/bin/../lib/gcc/arm-none-eabi/6.3.1/../../../../arm-none-eabi/lib/thumb/v7e-m/fpv4-sp/hard\libm.a(lib_a-sf_atan.o)
 .debug_frame   0x0000117c       0x20 d:/embedded_workspace/ac6/plugins/fr.ac6.mcu.externaltools.arm-none.win32_1.15.0.201708311556/tools/compiler/bin/../lib/gcc/arm-none-eabi/6.3.1/../../../../arm-none-eabi/lib/thumb/v7e-m/fpv4-sp/hard\libm.a(lib_a-sf_fabs.o)
 .debug_frame   0x0000119c       0xac d:/embedded_workspace/ac6/plugins/fr.ac6.mcu.externaltools.arm-none.win32_1.15.0.201708311556/tools/compiler/bin/../lib/gcc/arm-none-eabi/6.3.1/thumb/v7e-m/fpv4-sp/hard\libgcc.a(_arm_addsubdf3.o)
 .debug_frame   0x00001248       0x50 d:/embedded_workspace/ac6/plugins/fr.ac6.mcu.externaltools.arm-none.win32_1.15.0.201708311556/tools/compiler/bin/../lib/gcc/arm-none-eabi/6.3.1/thumb/v7e-m/fpv4-sp/hard\libgcc.a(_arm_muldivdf3.o)
 .debug_frame   0x00001298       0x24 d:/embedded_workspace/ac6/plugins/fr.ac6.mcu.externaltools.arm-none.win32_1.15.0.201708311556/tools/compiler/bin/../lib/gcc/arm-none-eabi/6.3.1/thumb/v7e-m/fpv4-sp/hard\libgcc.a(_arm_truncdfsf2.o)
 .debug_frame   0x000012bc       0x2c d:/embedded_workspace/ac6/plugins/fr.ac6.mcu.externaltools.arm-none.win32_1.15.0.201708311556/tools/compiler/bin/../lib/gcc/arm-none-eabi/6.3.1/../../../../arm-none-eabi/lib/thumb/v7e-m/fpv4-sp/hard\libc_nano.a(lib_a-init.o)
